# serializer version: 1
# name: test_analytics_snapshot
  dict({
    'lineage_trees': dict({
      'Blue Dream': dict({
        'name': 'Blue Dream',
        'parents': list([
        ]),
        'source': 'library',
      }),
    }),
    'strain_list': list([
      'Blue Dream',
    ]),
    'strains': dict({
      'Blue Dream': dict({
        'analytics': dict({
          'avg_flower_days': 60,
          'avg_veg_days': 30,
          'total_harvests': 1,
        }),
        'meta': dict({
          'aroma': list([
          ]),
          'awards': list([
          ]),
          'breeder': 'Humboldt',
          'effects': list([
          ]),
          'indica_percentage': 40,
          'is_stub': False,
          'sativa_percentage': 60,
          'taste': list([
          ]),
          'type': 'Hybrid',
        }),
        'phenotypes': dict({
          'default': dict({
            'avg_flower_days': 60,
            'avg_veg_days': 30,
            'phenotype_id': 1,
            'total_harvests': 1,
          }),
        }),
      }),
    }),
  })
# ---
