# serializer version: 1
# name: test_growspace_view_model_snapshot
  typing.Any
# ---
# name: test_growspace_view_model_snapshot.1
  dict({
    'environment': dict({
      'active_events': dict({
      }),
      'bulk_ec_sensors': list([
      ]),
      'camera_entities': list([
      ]),
      'circulation_fan_ac_infinity_devices': list([
      ]),
      'circulation_fan_config': dict({
        'critical_temp_high': None,
        'critical_temp_hysteresis': 1.0,
        'critical_temp_low': None,
        'enabled': False,
        'humidity_target': 60.0,
        'humidity_tolerance': 5.0,
        'max_speed': 100,
        'min_speed': 0,
        'regulation_mode': <FanRegulationMode.VPD: 'vpd'>,
        'stage_vpd_enabled': False,
        'stage_vpd_overrides': dict({
        }),
        'temperature_target': 25.0,
        'temperature_tolerance': 2.0,
        'vpd_target': 1.0,
        'vpd_tolerance': 0.2,
        'wind_amplitude_pct': 10,
        'wind_enabled': False,
        'wind_period_seconds': 60,
      }),
      'circulation_fan_entities': list([
      ]),
      'dehumidifier_ac_infinity_devices': list([
      ]),
      'dehumidifier_entities': list([
      ]),
      'drain_pump_state': None,
      'drain_volume_sensors': list([
      ]),
      'electricity_cost_per_kwh': 0.0,
      'energy_sensors': list([
      ]),
      'exhaust_fan_ac_infinity_devices': list([
      ]),
      'exhaust_fan_config': dict({
        'critical_temp_high': None,
        'critical_temp_hysteresis': 1.0,
        'critical_temp_low': None,
        'enabled': False,
        'humidity_target': 60.0,
        'humidity_tolerance': 5.0,
        'max_speed': 100,
        'min_speed': 0,
        'stage_vpd_enabled': False,
        'stage_vpd_overrides': dict({
        }),
        'temperature_target': 25.0,
        'temperature_tolerance': 2.0,
        'vpd_target': 1.0,
        'vpd_tolerance': 0.2,
      }),
      'exhaust_fan_entities': list([
      ]),
      'feed_ec_sensors': list([
      ]),
      'growlight_ac_infinity_devices': list([
      ]),
      'growlight_config': dict({
        'enabled': False,
        'power': 100,
        'sunrise_enabled': False,
        'sunrise_minutes': 0,
      }),
      'growlight_entities': list([
      ]),
      'humidifier_ac_infinity_devices': list([
      ]),
      'humidifier_control_enabled': False,
      'humidifier_entities': list([
      ]),
      'humidifier_thresholds': dict({
      }),
      'humidity': None,
      'humidity_sensor': 'sensor.hum',
      'humidity_sensors': list([
        'sensor.hum',
      ]),
      'irrigation_flow_sensors': list([
      ]),
      'irrigation_pump_state': None,
      'irrigation_tanks': list([
      ]),
      'light_sensors': list([
      ]),
      'lst_offset': -2.0,
      'lung_room_temp_sensors': list([
      ]),
      'mold_threshold': 0.75,
      'ph_sensors': list([
      ]),
      'pore_ec_sensors': list([
      ]),
      'power_sensors': list([
      ]),
      'runoff_ec_sensors': list([
      ]),
      'soil_moisture_band': dict({
        'is_custom': False,
        'max': 60.0,
        'min': 20.0,
      }),
      'soil_moisture_max': None,
      'soil_moisture_min': None,
      'stress_threshold': 0.7,
      'substrate_temperature_sensors': list([
      ]),
      'temperature': None,
      'temperature_sensor': 'sensor.temp',
      'temperature_sensors': list([
        'sensor.temp',
      ]),
      'vision_checkup_config': dict({
        'early_check_offset_minutes': 60,
        'enabled': False,
        'history_limit': 10,
        'late_check_offset_minutes': 60,
        'mid_check_hours': 6,
      }),
      'vpd': None,
      'vpd_optimal_overrides': dict({
      }),
      'vpd_sensor': 'sensor.vpd',
      'vpd_sensors': list([
        'sensor.vpd',
      ]),
    }),
    'grid': dict({
      'dimensions': dict({
        'depth': 120,
        'height': 200,
        'unit': 'cm',
        'width': 120,
      }),
      'grid': dict({
        'position_1_1': dict({
          'clone_days': 0,
          'clone_start': None,
          'col': 1,
          'cure_days': 0,
          'cure_start': None,
          'days_since_last_watering': 0,
          'days_to_target': None,
          'dry_days': 0,
          'dry_start': None,
          'drying_moisture': None,
          'drying_ready_for_cure': False,
          'drying_weight': None,
          'entity_id': 'sensor.p1_entity',
          'flower_days': 0,
          'flower_early_days': 0,
          'flower_late_days': 0,
          'flower_mid_days': 0,
          'flower_start': None,
          'growspace_id': 'gs_test',
          'harvest_metrics': dict({
            'cbd_percentage': None,
            'dry_weight': None,
            'terpene_profile': None,
            'thc_percentage': None,
            'trim_weight': None,
            'wet_weight': None,
          }),
          'last_ipm': None,
          'last_ipm_type': None,
          'last_trained': None,
          'last_training_technique': None,
          'last_watered': None,
          'mother_days': 0,
          'mother_start': None,
          'phenotype': '',
          'phenotype_score': dict({
            'internodal_spacing': None,
            'keeper': False,
            'mold_resistance': None,
            'notes': '',
            'resin': None,
            'terpene_intensity': None,
            'total_score': None,
            'updated_at': None,
            'vigor': None,
            'yield_potential': None,
          }),
          'plant_id': 'p1',
          'position': '(1,1)',
          'row': 1,
          'seedling_days': 0,
          'seedling_start': None,
          'stage': 'veg',
          'strain': 'Northern Lights',
          'veg_days': 0,
          'veg_early_days': 0,
          'veg_late_days': 0,
          'veg_start': None,
          'visual_tag': None,
          'weight_lost_pct': None,
        }),
        'position_1_2': None,
        'position_2_1': None,
        'position_2_2': None,
      }),
      'plants_per_row': 2,
      'rows': 2,
      'total_plants': 1,
    }),
    'identity': dict({
      'growspace_id': 'gs_test',
      'name': 'Test Room',
      'notification_target': None,
      'overview_entity_id': 'sensor.gs_test_overview',
      'type': 'normal',
    }),
    'irrigation': dict({
      'drain_config': dict({
        'enabled': False,
        'max_ec_delta': 0.7,
        'max_readings': 100,
        'readings': list([
        ]),
        'target_runoff_percent': 20.0,
      }),
      'irrigation_config': dict({
        'active_steering_phase': 'p2',
        'auto_advance_p1_to_p2': False,
        'auto_advance_p2_to_p3': False,
        'daily_volume_cap_liters': None,
        'drain_duration': None,
        'drain_pump_entity': 'switch.drain',
        'drain_times': list([
        ]),
        'ec_target_ranges': list([
        ]),
        'halt_on_runoff_ec_threshold': None,
        'irrigation_duration': 120,
        'irrigation_pump_entity': 'switch.pump',
        'irrigation_times': list([
        ]),
        'log_to_logbook': True,
        'max_cycles_per_day': None,
        'pause_on_low_tank': True,
        'phase_changed_at': None,
        'pump_flow_rate_ml_per_sec': 0.0,
        'skip_during_dark': False,
        'soil_trigger_percent': None,
        'veg_day_hours': 12,
      }),
      'irrigation_strategy': dict({
        'auto_light_tracking': False,
        'declared_steering_mode': None,
        'detected_lights_on_time': None,
        'dynamic_aggressiveness': 1.0,
        'dynamic_interval_ceiling': 1.5,
        'dynamic_recovery': 0.1,
        'dynamic_shot_enabled': True,
        'dynamic_shot_size_floor': 0.5,
        'ec_modulation_enabled': False,
        'enabled': False,
        'lights_on_time': '06:00:00',
        'maintenance_dryback_percent': 2.0,
        'p0_duration_minutes': 60,
        'p1_shot_duration_seconds': 10,
        'p1_shot_interval_minutes': 15,
        'p1_shot_volume_percent': 4.0,
        'p2_shot_duration_seconds': 10,
        'p2_shot_interval_minutes': 15,
        'p2_shot_volume_percent': 4.0,
        'p2_stop_before_lights_off_minutes': 120,
        'pore_ec_target_max': None,
        'pore_ec_target_min': None,
        'shot_duration_seconds': 10,
        'shot_interval_minutes': 15,
        'shot_sizing_mode': 'seconds',
        'substrate_profile': dict({
          'liters_per_pot': 0.0,
          'media_type': 'coco',
        }),
        'target_vwc_percent': 55.0,
      }),
      'substrate': dict({
        'ec_trend': None,
        'ec_trend_available': False,
        'ec_trend_detail': None,
        'incycle_dryback_avg': None,
        'incycle_dryback_count': 0,
        'latest_overnight_event': None,
        'overnight_dryback': None,
      }),
      'volume_mode_capable': False,
      'water_usage': dict({
        'cycle_start_date': '',
        'daily_readings': list([
        ]),
        'max_daily_readings': 365,
        'total_liters': 0.0,
      }),
    }),
    'metrics': dict({
      'air_exchange': None,
      'cure_week': 0,
      'daily_avg_hum': 55.0,
      'daily_avg_temp': 24.5,
      'dry_week': 0,
      'energy_tracking': dict({
        'cycle_start_date': '',
        'cycle_start_kwh': 0.0,
        'last_kwh_reading': 0.0,
      }),
      'flower_week': 0,
      'max_cure_days': 0,
      'max_dry_days': 0,
      'max_flower_days': -1,
      'max_stage_summary': 'Veg: 15d (W3), Flower: -1d (W0)',
      'max_veg_days': 15,
      'veg_week': 3,
    }),
    'sensors': dict({
      'sensor_coordinates': dict({
      }),
      'sensor_groups': list([
      ]),
      'sensor_types': dict({
        'sensor.hum': 'humidity',
        'sensor.temp': 'temperature',
        'sensor.vpd': 'vpd',
        'switch.drain': 'drain_pump',
        'switch.pump': 'irrigation_pump',
      }),
    }),
    'subareas': list([
    ]),
  })
# ---
# name: test_plant_view_model_snapshot
  typing.Any
# ---
# name: test_plant_view_model_snapshot.1
  dict({
    'clone_days': 0,
    'clone_start': None,
    'col': 2,
    'cure_days': 0,
    'cure_start': None,
    'days_since_last_watering': 0,
    'days_to_target': None,
    'dry_days': 0,
    'dry_start': None,
    'drying_moisture': None,
    'drying_ready_for_cure': False,
    'drying_weight': None,
    'entity_id': 'sensor.p1_entity',
    'flower_days': 0,
    'flower_early_days': 0,
    'flower_late_days': 0,
    'flower_mid_days': 0,
    'flower_start': None,
    'growspace_id': 'gs_test',
    'harvest_metrics': dict({
      'cbd_percentage': None,
      'dry_weight': None,
      'terpene_profile': None,
      'thc_percentage': None,
      'trim_weight': None,
      'wet_weight': None,
    }),
    'last_ipm': None,
    'last_ipm_type': None,
    'last_trained': None,
    'last_training_technique': None,
    'last_watered': None,
    'mother_days': 0,
    'mother_start': None,
    'phenotype': 'Sweet Berry',
    'phenotype_score': dict({
      'internodal_spacing': None,
      'keeper': False,
      'mold_resistance': None,
      'notes': '',
      'resin': None,
      'terpene_intensity': None,
      'total_score': None,
      'updated_at': None,
      'vigor': None,
      'yield_potential': None,
    }),
    'plant_id': 'p1',
    'position': '(1,2)',
    'row': 1,
    'seedling_days': 0,
    'seedling_start': None,
    'stage': 'flower',
    'strain': 'Blueberry',
    'veg_days': 0,
    'veg_early_days': 0,
    'veg_late_days': 0,
    'veg_start': None,
    'visual_tag': None,
    'weight_lost_pct': None,
  })
# ---
