# serializer version: 1
# name: test_zone_entity_inventory_preserves_implicit_identity
  typing.Any
# ---
# name: test_zone_entity_inventory_preserves_implicit_identity.1
  list([
    'growspace_manager_growspaces_list',
    'growspace_manager_seed_inventory',
    'growspace_manager_strain_library',
    'growspace_manager_tent',
    'growspace_manager_tent_active_run',
    'growspace_manager_tent_crop_steering',
    'growspace_manager_tent_ec_target',
    'growspace_manager_tent_irrigation_controller',
    'growspace_manager_tent_north_crop_steering',
    'growspace_manager_tent_reliability',
    'growspace_manager_tent_south_crop_steering',
    'growspace_manager_tent_water_usage',
  ])
# ---
